javac : com\mahal\con
troller\DashboardCont
roller.java:9: 
error: package 
com.mahal.util does 
not exist
At line:1 char:1
+ javac -cp 
"..\lib\*" -d ..\bin 
com\mahal\controller\
DashboardControll ...
+ ~~~~~~~~~~~~~~~~~~~
~~~~~~~~~~~~~~~~~~~~~
~~~~~~~~~~~~~~~~~~~~~
~~~~~~~~
    + CategoryInfo   
           : NotSpe  
  cified: (com\mah   
 al\contr... does    
 not exist:Strin    
g) [], RemoteExc    
eption
    + FullyQualified 
   ErrorId : Native  
  CommandError
 
import com.mahal.util
.SessionManager;
                     
^
com\mahal\controller\
DashboardController.j
ava:11: error: 
package com.mahal.con
troller.masjid does 
not exist
import com.mahal.cont
roller.masjid.MasjidC
ontroller;
                     
             ^
com\mahal\controller\
DashboardController.j
ava:12: error: 
package com.mahal.con
troller.staff does 
not exist
import com.mahal.cont
roller.staff.StaffCon
troller;
                     
            ^
com\mahal\controller\
DashboardController.j
ava:13: error: 
package com.mahal.con
troller.member does 
not exist
import com.mahal.cont
roller.member.MemberC
ontroller;
                     
             ^
com\mahal\controller\
DashboardController.j
ava:14: error: 
package com.mahal.con
troller.accounts 
does not exist
import com.mahal.cont
roller.accounts.Accou
ntsController;
                     
               ^
com\mahal\controller\
DashboardController.j
ava:15: error: 
package com.mahal.con
troller.certificate 
does not exist
import com.mahal.cont
roller.certificate.Ce
rtificateController;
                     
                  ^
com\mahal\controller\
DashboardController.j
ava:16: error: 
package com.mahal.con
troller.event does 
not exist
import com.mahal.cont
roller.event.EventCon
troller;
                     
            ^
com\mahal\controller\
DashboardController.j
ava:17: error: 
package com.mahal.con
troller.inventory 
does not exist
import com.mahal.cont
roller.inventory.Inve
ntoryController;
                     
                ^
com\mahal\controller\
DashboardController.j
ava:18: error: 
package com.mahal.con
troller.general does 
not exist
import com.mahal.cont
roller.general.Genera
lController;
                     
              ^
com\mahal\controller\
DashboardController.j
ava:19: error: 
package com.mahal.con
troller.settings 
does not exist
import com.mahal.cont
roller.settings.Setti
ngsController;
                     
               ^
com\mahal\controller\
DashboardController.j
ava:20: error: 
package com.mahal.con
troller.about does 
not exist
import com.mahal.cont
roller.about.AboutCon
troller;
                     
            ^
com\mahal\controller\
DashboardController.j
ava:21: error: 
package com.mahal.con
troller.reports does 
not exist
import com.mahal.cont
roller.reports.Report
sController;
                     
              ^
com\mahal\controller\
home\HomeDashboardCon
troller.java:4: 
error: package 
com.mahal.model does 
not exist
import com.mahal.mode
l.DueCollection;
                     
 ^
com\mahal\controller\
home\HomeDashboardCon
troller.java:5: 
error: package 
com.mahal.model does 
not exist
import com.mahal.mode
l.Expense;
                     
 ^
com\mahal\controller\
home\HomeDashboardCon
troller.java:6: 
error: package 
com.mahal.model does 
not exist
import com.mahal.mode
l.Income;
                     
 ^
com\mahal\controller\
home\HomeDashboardCon
troller.java:7: 
error: package 
com.mahal.model does 
not exist
import com.mahal.mode
l.IncomeType;
                     
 ^
com\mahal\controller\
home\HomeDashboardCon
troller.java:8: 
error: package 
com.mahal.model does 
not exist
import com.mahal.mode
l.Member;
                     
 ^
com\mahal\controller\
home\HomeDashboardCon
troller.java:9: 
error: package 
com.mahal.util does 
not exist
import com.mahal.util
.FormatUtil;
                     
^
com\mahal\controller\
home\HomeDashboardCon
troller.java:10: 
error: package 
com.mahal.util does 
not exist
import com.mahal.util
.StyleHelper;
                     
^
com\mahal\controller\
home\HomeDashboardCon
troller.java:41: 
error: cannot find 
symbol
        private 
final IncomeDAO 
incomeDAO;
                     
 ^
  symbol:   class 
IncomeDAO
  location: class Hom
eDashboardController
com\mahal\controller\
home\HomeDashboardCon
troller.java:42: 
error: cannot find 
symbol
        private 
final IncomeTypeDAO 
incomeTypeDAO;
                     
 ^
  symbol:   class 
IncomeTypeDAO
  location: class Hom
eDashboardController
com\mahal\controller\
home\HomeDashboardCon
troller.java:43: 
error: cannot find 
symbol
        private 
final ExpenseDAO 
expenseDAO;
                     
 ^
  symbol:   class 
ExpenseDAO
  location: class Hom
eDashboardController
com\mahal\controller\
home\HomeDashboardCon
troller.java:44: 
error: cannot find 
symbol
        private 
final 
DueCollectionDAO 
dueCollectionDAO;
                     
 ^
  symbol:   class 
DueCollectionDAO
  location: class Hom
eDashboardController
com\mahal\controller\
home\HomeDashboardCon
troller.java:45: 
error: cannot find 
symbol
        private 
final MemberDAO 
memberDAO;
                     
 ^
  symbol:   class 
MemberDAO
  location: class Hom
eDashboardController
com\mahal\controller\
home\HomeDashboardCon
troller.java:360: 
error: cannot find 
symbol
                     
   List<Income> 
donations,
                     
        ^
  symbol:   class 
Income
  location: class Hom
eDashboardController
com\mahal\controller\
home\HomeDashboardCon
troller.java:421: 
error: cannot find 
symbol
                     
   List<Expense> 
expenses,
                     
        ^
  symbol:   class 
Expense
  location: class Hom
eDashboardController
com\mahal\controller\
home\HomeDashboardCon
troller.java:3: 
error: package 
com.mahal.database 
does not exist
import 
com.mahal.database.*;
^
com\mahal\controller\
DashboardController.j
ava:121: error: 
cannot find symbol
        String 
userName = SessionMan
ager.getInstance().ge
tCurrentUser() != 
null
                     
     ^
  symbol:   variable 
SessionManager
  location: class 
DashboardController
com\mahal\controller\
DashboardController.j
ava:122: error: 
cannot find symbol
                ? Ses
sionManager.getInstan
ce().getCurrentUser()
.getFullName()
                  ^
  symbol:   variable 
SessionManager
  location: class 
DashboardController
com\mahal\controller\
DashboardController.j
ava:128: error: 
cannot find symbol
        String 
userRole = SessionMan
ager.getInstance().ge
tCurrentUser() != 
null
                     
     ^
  symbol:   variable 
SessionManager
  location: class 
DashboardController
com\mahal\controller\
DashboardController.j
ava:129: error: 
cannot find symbol
                ? Ses
sionManager.getInstan
ce().getCurrentUser()
.getRole()
                  ^
  symbol:   variable 
SessionManager
  location: class 
DashboardController
com\mahal\controller\
DashboardController.j
ava:273: error: 
cannot find symbol
        
MasjidController 
controller = new 
MasjidController();
        ^
  symbol:   class 
MasjidController
  location: class 
DashboardController
com\mahal\controller\
DashboardController.j
ava:273: error: 
cannot find symbol
        
MasjidController 
controller = new 
MasjidController();
                     
                     
^
  symbol:   class 
MasjidController
  location: class 
DashboardController
com\mahal\controller\
DashboardController.j
ava:283: error: 
cannot find symbol
        
StaffController 
controller = new 
StaffController();
        ^
  symbol:   class 
StaffController
  location: class 
DashboardController
com\mahal\controller\
DashboardController.j
ava:283: error: 
cannot find symbol
        
StaffController 
controller = new 
StaffController();
                     
                    ^
  symbol:   class 
StaffController
  location: class 
DashboardController
com\mahal\controller\
DashboardController.j
ava:293: error: 
cannot find symbol
        
MemberController 
controller = new 
MemberController();
        ^
  symbol:   class 
MemberController
  location: class 
DashboardController
com\mahal\controller\
DashboardController.j
ava:293: error: 
cannot find symbol
        
MemberController 
controller = new 
MemberController();
                     
                     
^
  symbol:   class 
MemberController
  location: class 
DashboardController
com\mahal\controller\
DashboardController.j
ava:303: error: 
cannot find symbol
        
AccountsController 
controller = new 
AccountsController();
        ^
  symbol:   class 
AccountsController
  location: class 
DashboardController
com\mahal\controller\
DashboardController.j
ava:303: error: 
cannot find symbol
        
AccountsController 
controller = new 
AccountsController();
                     
                     
  ^
  symbol:   class 
AccountsController
  location: class 
DashboardController
com\mahal\controller\
DashboardController.j
ava:313: error: 
cannot find symbol
        CertificateCo
ntroller controller 
= new CertificateCont
roller();
        ^
  symbol:   class 
CertificateController
  location: class 
DashboardController
com\mahal\controller\
DashboardController.j
ava:313: error: 
cannot find symbol
        CertificateCo
ntroller controller 
= new CertificateCont
roller();
                     
                     
     ^
  symbol:   class 
CertificateController
  location: class 
DashboardController
com\mahal\controller\
DashboardController.j
ava:323: error: 
cannot find symbol
        
EventController 
controller = new 
EventController();
        ^
  symbol:   class 
EventController
  location: class 
DashboardController
com\mahal\controller\
DashboardController.j
ava:323: error: 
cannot find symbol
        
EventController 
controller = new 
EventController();
                     
                    ^
  symbol:   class 
EventController
  location: class 
DashboardController
com\mahal\controller\
DashboardController.j
ava:333: error: 
cannot find symbol
        
InventoryController 
controller = new Inve
ntoryController();
        ^
  symbol:   class 
InventoryController
  location: class 
DashboardController
com\mahal\controller\
DashboardController.j
ava:333: error: 
cannot find symbol
        
InventoryController 
controller = new Inve
ntoryController();
                     
                     
   ^
  symbol:   class 
InventoryController
  location: class 
DashboardController
com\mahal\controller\
DashboardController.j
ava:343: error: 
cannot find symbol
        
GeneralController 
controller = new 
GeneralController();
        ^
  symbol:   class 
GeneralController
  location: class 
DashboardController
com\mahal\controller\
DashboardController.j
ava:343: error: 
cannot find symbol
        
GeneralController 
controller = new 
GeneralController();
                     
                     
 ^
  symbol:   class 
GeneralController
  location: class 
DashboardController
com\mahal\controller\
DashboardController.j
ava:353: error: 
cannot find symbol
        
SettingsController 
controller = new 
SettingsController();
        ^
  symbol:   class 
SettingsController
  location: class 
DashboardController
com\mahal\controller\
DashboardController.j
ava:353: error: 
cannot find symbol
        
SettingsController 
controller = new 
SettingsController();
                     
                     
  ^
  symbol:   class 
SettingsController
  location: class 
DashboardController
com\mahal\controller\
DashboardController.j
ava:363: error: 
cannot find symbol
        
AboutController 
controller = new 
AboutController();
        ^
  symbol:   class 
AboutController
  location: class 
DashboardController
com\mahal\controller\
DashboardController.j
ava:363: error: 
cannot find symbol
        
AboutController 
controller = new 
AboutController();
                     
                    ^
  symbol:   class 
AboutController
  location: class 
DashboardController
com\mahal\controller\
DashboardController.j
ava:383: error: 
cannot find symbol
        
ReportsController 
controller = new 
ReportsController();
        ^
  symbol:   class 
ReportsController
  location: class 
DashboardController
com\mahal\controller\
DashboardController.j
ava:383: error: 
cannot find symbol
        
ReportsController 
controller = new 
ReportsController();
                     
                     
 ^
  symbol:   class 
ReportsController
  location: class 
DashboardController
com\mahal\controller\
DashboardController.j
ava:393: error: 
cannot find symbol
        SessionManage
r.getInstance().logou
t();
        ^
  symbol:   variable 
SessionManager
  location: class 
DashboardController
com\mahal\controller\
DashboardController.j
ava:394: error: 
cannot find symbol
        
LoginController 
loginController = 
new 
LoginController();
        ^
  symbol:   class 
LoginController
  location: class 
DashboardController
com\mahal\controller\
DashboardController.j
ava:394: error: 
cannot find symbol
        
LoginController 
loginController = 
new 
LoginController();
                     
                     
    ^
  symbol:   class 
LoginController
  location: class 
DashboardController
com\mahal\controller\
home\HomeDashboardCon
troller.java:48: 
error: cannot find 
symbol
                
this.incomeDAO = new 
IncomeDAO();
                     
                ^
  symbol:   class 
IncomeDAO
  location: class Hom
eDashboardController
com\mahal\controller\
home\HomeDashboardCon
troller.java:49: 
error: cannot find 
symbol
                
this.incomeTypeDAO = 
new IncomeTypeDAO();
                     
                    ^
  symbol:   class 
IncomeTypeDAO
  location: class Hom
eDashboardController
com\mahal\controller\
home\HomeDashboardCon
troller.java:50: 
error: cannot find 
symbol
                
this.expenseDAO = 
new ExpenseDAO();
                     
                 ^
  symbol:   class 
ExpenseDAO
  location: class Hom
eDashboardController
com\mahal\controller\
home\HomeDashboardCon
troller.java:51: 
error: cannot find 
symbol
                this.
dueCollectionDAO = 
new 
DueCollectionDAO();
                     
                     
  ^
  symbol:   class 
DueCollectionDAO
  location: class Hom
eDashboardController
com\mahal\controller\
home\HomeDashboardCon
troller.java:52: 
error: cannot find 
symbol
                
this.memberDAO = new 
MemberDAO();
                     
                ^
  symbol:   class 
MemberDAO
  location: class Hom
eDashboardController
com\mahal\controller\
home\HomeDashboardCon
troller.java:58: 
error: cannot find 
symbol
                root.
setStyle("-fx-backgro
und-color: " + StyleH
elper.BG_GRAY_50 + 
";");
                     
                     
               ^
  symbol:   variable 
StyleHelper
  location: class Hom
eDashboardController
com\mahal\controller\
home\HomeDashboardCon
troller.java:60: 
error: cannot find 
symbol
                
LocalDate today = For
matUtil.todayIst();
                     
             ^
  symbol:   variable 
FormatUtil
  location: class Hom
eDashboardController
com\mahal\controller\
home\HomeDashboardCon
troller.java:70: 
error: package 
com.mahal.util does 
not exist
                
String userName = com
.mahal.util.SessionMa
nager.getInstance().g
etCurrentUser() != 
null
                     
                     
      ^
com\mahal\controller\
home\HomeDashboardCon
troller.java:71: 
error: package 
com.mahal.util does 
not exist
                     
           ? com.maha
l.util.SessionManager
.getInstance().getCur
rentUser().getFullNam
e()
                     
                     
      ^
com\mahal\controller\
home\HomeDashboardCon
troller.java:95: 
error: cannot find 
symbol
                Style
Helper.styleComboBox(
periodCombo);
                ^
  symbol:   variable 
StyleHelper
  location: class Hom
eDashboardController
com\mahal\controller\
home\HomeDashboardCon
troller.java:103: 
error: cannot find 
symbol
                Style
Helper.styleDatePicke
r(fromDatePicker);
                ^
  symbol:   variable 
StyleHelper
  location: class Hom
eDashboardController
com\mahal\controller\
home\HomeDashboardCon
troller.java:104: 
error: cannot find 
symbol
                Style
Helper.styleDatePicke
r(toDatePicker);
                ^
  symbol:   variable 
StyleHelper
  location: class Hom
eDashboardController
com\mahal\controller\
home\HomeDashboardCon
troller.java:117: 
error: cannot find 
symbol
                apply
Button.setStyle("-fx-
background-color: " 
+ StyleHelper.PRIMARY
_600 + "; 
-fx-text-fill: 
white; " +
                     
                     
                     
 ^
  symbol:   variable 
StyleHelper
  location: class Hom
eDashboardController
com\mahal\controller\
home\HomeDashboardCon
troller.java:120: 
error: cannot find 
symbol
                     
           + StyleHel
per.PRIMARY_700 + "; 
-fx-text-fill: 
white; " +
                     
             ^
  symbol:   variable 
StyleHelper
  location: class Hom
eDashboardController
com\mahal\controller\
home\HomeDashboardCon
troller.java:123: 
error: cannot find 
symbol
                     
           + StyleHel
per.PRIMARY_600 + "; 
-fx-text-fill: 
white; " +
                     
             ^
  symbol:   variable 
StyleHelper
  location: class Hom
eDashboardController
com\mahal\controller\
home\HomeDashboardCon
troller.java:205: 
error: cannot find 
symbol
                     
   LocalDate today = 
FormatUtil.todayIst()
;
                     
                     
^
  symbol:   variable 
FormatUtil
  location: class Hom
eDashboardController
com\mahal\controller\
home\HomeDashboardCon
troller.java:215: 
error: cannot find 
symbol
                
List<Income> 
allIncome = 
incomeDAO.getAll();
                     
^
  symbol:   class 
Income
  location: class Hom
eDashboardController
com\mahal\controller\
home\HomeDashboardCon
troller.java:216: 
error: cannot find 
symbol
                
List<IncomeType> 
allTypes = incomeType
DAO.getAll();
                     
^
  symbol:   class 
IncomeType
  location: class Hom
eDashboardController
com\mahal\controller\
home\HomeDashboardCon
troller.java:218: 
error: cannot find 
symbol
                     
           .collect(C
ollectors.toMap(Incom
eType::getId, 
IncomeType::getType, 
(a, b) -> a));
                     
                     
                ^
  symbol:   variable 
IncomeType
  location: class Hom
eDashboardController
com\mahal\controller\
home\HomeDashboardCon
troller.java:218: 
error: cannot find 
symbol
                     
           .collect(C
ollectors.toMap(Incom
eType::getId, 
IncomeType::getType, 
(a, b) -> a));
                     
                     
                     
              ^
  symbol:   variable 
IncomeType
  location: class Hom
eDashboardController
com\mahal\controller\
home\HomeDashboardCon
troller.java:220: 
error: cannot find 
symbol
                
List<Income> 
incomeRange = 
allIncome.stream()
                     
^
  symbol:   class 
Income
  location: class Hom
eDashboardController
com\mahal\controller\
home\HomeDashboardCon
troller.java:227: 
error: cannot find 
symbol
                
List<Income> 
donationIncome = 
incomeRange.stream()
                     
^
  symbol:   class 
Income
  location: class Hom
eDashboardController
com\mahal\controller\
home\HomeDashboardCon
troller.java:235: 
error: cannot find 
symbol
                
List<Expense> 
expensesRange = expen
seDAO.getAll().stream
()
                     
^
  symbol:   class 
Expense
  location: class Hom
eDashboardController
com\mahal\controller\
home\HomeDashboardCon
troller.java:241: 
error: cannot find 
symbol
                
List<DueCollection> 
collectionsRange = du
eCollectionDAO.getAll
().stream()
                     
^
  symbol:   class 
DueCollection
  location: class Hom
eDashboardController
com\mahal\controller\
home\HomeDashboardCon
troller.java:247: 
error: cannot find 
symbol
                
List<Member> members 
= memberDAO.getAll();
                     
^
  symbol:   class 
Member
  location: class Hom
eDashboardController
com\mahal\controller\
home\HomeDashboardCon
troller.java:250: 
error: cannot find 
symbol
                     
           .map(Incom
e::getAmount)
                     
                ^
  symbol:   variable 
Income
  location: class Hom
eDashboardController
com\mahal\controller\
home\HomeDashboardCon
troller.java:255: 
error: cannot find 
symbol
                     
           .map(Expen
se::getAmount)
                     
                ^
  symbol:   variable 
Expense
  location: class Hom
eDashboardController
com\mahal\controller\
home\HomeDashboardCon
troller.java:260: 
error: cannot find 
symbol
                     
           .map(DueCo
llection::getAmount)
                     
                ^
  symbol:   variable 
DueCollection
  location: class Hom
eDashboardController
com\mahal\controller\
home\HomeDashboardCon
troller.java:272: 
error: cannot find 
symbol
                     
           FormatUtil
.formatCurrency(total
DuesCollected),
                     
           ^
  symbol:   variable 
FormatUtil
  location: class Hom
eDashboardController
com\mahal\controller\
home\HomeDashboardCon
troller.java:279: 
error: cannot find 
symbol
                     
           "From " + 
FormatUtil.formatDate
(from) + " to " + For
matUtil.formatDate(to
),
                     
                     
^
  symbol:   variable 
FormatUtil
  location: class Hom
eDashboardController
com\mahal\controller\
home\HomeDashboardCon
troller.java:279: 
error: cannot find 
symbol
                     
           "From " + 
FormatUtil.formatDate
(from) + " to " + For
matUtil.formatDate(to
),
                     
                     
                     
                  ^
  symbol:   variable 
FormatUtil
  location: class Hom
eDashboardController
com\mahal\controller\
home\HomeDashboardCon
troller.java:278: 
error: cannot find 
symbol
                     
           FormatUtil
.formatCurrency(total
Donations),
                     
           ^
  symbol:   variable 
FormatUtil
  location: class Hom
eDashboardController
com\mahal\controller\
home\HomeDashboardCon
troller.java:284: 
error: cannot find 
symbol
                     
           FormatUtil
.formatCurrency(total
Expenses),
                     
           ^
  symbol:   variable 
FormatUtil
  location: class Hom
eDashboardController
com\mahal\controller\
home\HomeDashboardCon
troller.java:296: 
error: cannot find 
symbol
                     
           FormatUtil
.formatCurrency(netBa
lance),
                     
           ^
  symbol:   variable 
FormatUtil
  location: class Hom
eDashboardController
com\mahal\controller\
home\HomeDashboardCon
troller.java:401: 
error: cannot find 
symbol
                     
                     
      
Income::getDate,
                     
                     
      ^
  symbol:   variable 
Income
  location: class Hom
eDashboardController
com\mahal\controller\
home\HomeDashboardCon
troller.java:402: 
error: cannot find 
symbol
                     
                     
      Collectors.mapp
ing(Income::getAmount
,
                     
                     
                     
    ^
  symbol:   variable 
Income
  location: class Hom
eDashboardController
com\mahal\controller\
home\HomeDashboardCon
troller.java:462: 
error: cannot find 
symbol
                     
                     
      
Expense::getDate,
                     
                     
      ^
  symbol:   variable 
Expense
  location: class Hom
eDashboardController
com\mahal\controller\
home\HomeDashboardCon
troller.java:463: 
error: cannot find 
symbol
                     
                     
      Collectors.mapp
ing(Expense::getAmoun
t,
                     
                     
                     
    ^
  symbol:   variable 
Expense
  location: class Hom
eDashboardController
94 errors
