javac : src\com\mahal
\controller\inventory
\InventoryController.
java:12: error: 
package 
com.mahal.database 
does not exist
At line:1 char:1
+ javac -d bin -cp 
"lib/*" src\com\mahal
\controller\inventory
\Inventory ...
+ ~~~~~~~~~~~~~~~~~~~
~~~~~~~~~~~~~~~~~~~~~
~~~~~~~~~~~~~~~~~~~~~
~~~~~~~~
    + CategoryInfo   
           : NotSpe  
  cified: (src\com   
 \mahal\c... does    
 not exist:Strin    
g) [], RemoteExc    
eption
    + FullyQualified 
   ErrorId : Native  
  CommandError
 
import com.mahal.data
base.InventoryItemDAO
;
                     
    ^
src\com\mahal\control
ler\inventory\Invento
ryController.java:13:
 error: package 
com.mahal.database 
does not exist
import com.mahal.data
base.DamagedItemDAO;
                     
    ^
src\com\mahal\control
ler\inventory\Invento
ryController.java:14:
 error: package 
com.mahal.database 
does not exist
import com.mahal.data
base.RentItemDAO;
                     
    ^
src\com\mahal\control
ler\inventory\Invento
ryController.java:15:
 error: package 
com.mahal.database 
does not exist
import com.mahal.data
base.RentDAO;
                     
    ^
src\com\mahal\control
ler\inventory\Invento
ryController.java:16:
 error: package 
com.mahal.model does 
not exist
import com.mahal.mode
l.InventoryItem;
                     
 ^
src\com\mahal\control
ler\inventory\Invento
ryController.java:17:
 error: package 
com.mahal.model does 
not exist
import com.mahal.mode
l.DamagedItem;
                     
 ^
src\com\mahal\control
ler\inventory\Invento
ryController.java:18:
 error: package 
com.mahal.model does 
not exist
import com.mahal.mode
l.RentItem;
                     
 ^
src\com\mahal\control
ler\inventory\Invento
ryController.java:19:
 error: package 
com.mahal.model does 
not exist
import 
com.mahal.model.Rent;
                     
 ^
src\com\mahal\control
ler\inventory\Invento
ryController.java:20:
 error: package 
com.mahal.util does 
not exist
import com.mahal.util
.TableStyler;
                     
^
src\com\mahal\control
ler\inventory\Invento
ryController.java:21:
 error: package 
com.mahal.util does 
not exist
import com.mahal.util
.FormStyler;
                     
^
src\com\mahal\control
ler\inventory\Invento
ryController.java:22:
 error: package 
com.mahal.util does 
not exist
import com.mahal.util
.StyleHelper;
                     
^
src\com\mahal\control
ler\inventory\Invento
ryController.java:37:
 error: cannot find 
symbol
    private 
InventoryItemDAO 
itemDAO;
            ^
  symbol:   class 
InventoryItemDAO
  location: class 
InventoryController
src\com\mahal\control
ler\inventory\Invento
ryController.java:38:
 error: cannot find 
symbol
    private 
DamagedItemDAO 
damagedDAO;
            ^
  symbol:   class 
DamagedItemDAO
  location: class 
InventoryController
src\com\mahal\control
ler\inventory\Invento
ryController.java:39:
 error: cannot find 
symbol
    private 
RentItemDAO 
rentItemDAO;
            ^
  symbol:   class 
RentItemDAO
  location: class 
InventoryController
src\com\mahal\control
ler\inventory\Invento
ryController.java:40:
 error: cannot find 
symbol
    private RentDAO 
rentDAO;
            ^
  symbol:   class 
RentDAO
  location: class 
InventoryController
src\com\mahal\control
ler\inventory\Invento
ryController.java:42:
 error: cannot find 
symbol
    private Observabl
eList<InventoryItem> 
itemList = FXCollecti
ons.observableArrayLi
st();
                     
      ^
  symbol:   class 
InventoryItem
  location: class 
InventoryController
src\com\mahal\control
ler\inventory\Invento
ryController.java:43:
 error: cannot find 
symbol
    private Observabl
eList<DamagedItem> 
damagedList = FXColle
ctions.observableArra
yList();
                     
      ^
  symbol:   class 
DamagedItem
  location: class 
InventoryController
src\com\mahal\control
ler\inventory\Invento
ryController.java:44:
 error: cannot find 
symbol
    private Observabl
eList<RentItem> 
rentItemList = FXColl
ections.observableArr
ayList();
                     
      ^
  symbol:   class 
RentItem
  location: class 
InventoryController
src\com\mahal\control
ler\inventory\Invento
ryController.java:45:
 error: cannot find 
symbol
    private 
ObservableList<Rent> 
rentList = FXCollecti
ons.observableArrayLi
st();
                     
      ^
  symbol:   class 
Rent
  location: class 
InventoryController
src\com\mahal\control
ler\inventory\Invento
ryController.java:504
: error: cannot find 
symbol
    private TableColu
mn<InventoryItem, 
String> createItemAct
ionsColumn(TableView<
InventoryItem> 
table) {
                     
                     
                     
                  ^
  symbol:   class 
InventoryItem
  location: class 
InventoryController
src\com\mahal\control
ler\inventory\Invento
ryController.java:504
: error: cannot find 
symbol
    private TableColu
mn<InventoryItem, 
String> createItemAct
ionsColumn(TableView<
InventoryItem> 
table) {
                     
   ^
  symbol:   class 
InventoryItem
  location: class 
InventoryController
src\com\mahal\control
ler\inventory\Invento
ryController.java:801
: error: cannot find 
symbol
    private TableColu
mn<DamagedItem, 
String> createDamaged
ActionsColumn(TableVi
ew<DamagedItem> 
table) {
                     
                     
                     
                   ^
  symbol:   class 
DamagedItem
  location: class 
InventoryController
src\com\mahal\control
ler\inventory\Invento
ryController.java:801
: error: cannot find 
symbol
    private TableColu
mn<DamagedItem, 
String> createDamaged
ActionsColumn(TableVi
ew<DamagedItem> 
table) {
                     
   ^
  symbol:   class 
DamagedItem
  location: class 
InventoryController
src\com\mahal\control
ler\inventory\Invento
ryController.java:109
3: error: cannot 
find symbol
    private TableColu
mn<RentItem, String> 
createRentItemActions
Column(TableView<Rent
Item> table) {
                     
                     
                     
                 ^
  symbol:   class 
RentItem
  location: class 
InventoryController
src\com\mahal\control
ler\inventory\Invento
ryController.java:109
3: error: cannot 
find symbol
    private TableColu
mn<RentItem, String> 
createRentItemActions
Column(TableView<Rent
Item> table) {
                     
   ^
  symbol:   class 
RentItem
  location: class 
InventoryController
src\com\mahal\control
ler\inventory\Invento
ryController.java:146
4: error: cannot 
find symbol
    private 
TableColumn<Rent, 
String> createRentAct
ionsColumn(TableView<
Rent> table) {
                     
                     
                     
         ^
  symbol:   class 
Rent
  location: class 
InventoryController
src\com\mahal\control
ler\inventory\Invento
ryController.java:146
4: error: cannot 
find symbol
    private 
TableColumn<Rent, 
String> createRentAct
ionsColumn(TableView<
Rent> table) {
                     
   ^
  symbol:   class 
Rent
  location: class 
InventoryController
src\com\mahal\control
ler\inventory\Invento
ryController.java:156
1: error: cannot 
find symbol
    private void save
Item(InventoryItem 
item, InventoryItem 
existing, Object... 
formFields) {
                     
     ^
  symbol:   class 
InventoryItem
  location: class 
InventoryController
src\com\mahal\control
ler\inventory\Invento
ryController.java:156
1: error: cannot 
find symbol
    private void save
Item(InventoryItem 
item, InventoryItem 
existing, Object... 
formFields) {
                     
                     
    ^
  symbol:   class 
InventoryItem
  location: class 
InventoryController
src\com\mahal\control
ler\inventory\Invento
ryController.java:165
5: error: cannot 
find symbol
    private void save
DamagedItem(DamagedIt
em damaged, 
Object... 
additionalParams) {
                     
            ^
  symbol:   class 
DamagedItem
  location: class 
InventoryController
src\com\mahal\control
ler\inventory\Invento
ryController.java:170
3: error: cannot 
find symbol
    private void save
RentItem(RentItem 
rentItem, RentItem 
existing, Object... 
additionalParams) {
                     
         ^
  symbol:   class 
RentItem
  location: class 
InventoryController
src\com\mahal\control
ler\inventory\Invento
ryController.java:170
3: error: cannot 
find symbol
    private void save
RentItem(RentItem 
rentItem, RentItem 
existing, Object... 
additionalParams) {
                     
                     
       ^
  symbol:   class 
RentItem
  location: class 
InventoryController
src\com\mahal\control
ler\inventory\Invento
ryController.java:174
3: error: cannot 
find symbol
    private void 
saveRent(Rent rent, 
Rent existing, 
Object... 
formFields) {
                     
     ^
  symbol:   class 
Rent
  location: class 
InventoryController
src\com\mahal\control
ler\inventory\Invento
ryController.java:174
3: error: cannot 
find symbol
    private void 
saveRent(Rent rent, 
Rent existing, 
Object... 
formFields) {
                     
                ^
  symbol:   class 
Rent
  location: class 
InventoryController
src\com\mahal\control
ler\inventory\Invento
ryController.java:182
1: error: cannot 
find symbol
    private void dele
teItem(InventoryItem 
item) {
                     
       ^
  symbol:   class 
InventoryItem
  location: class 
InventoryController
src\com\mahal\control
ler\inventory\Invento
ryController.java:184
1: error: cannot 
find symbol
    private void dele
teDamagedItem(Damaged
Item damaged) {
                     
              ^
  symbol:   class 
DamagedItem
  location: class 
InventoryController
src\com\mahal\control
ler\inventory\Invento
ryController.java:186
3: error: cannot 
find symbol
    private void dele
teRentItem(RentItem 
rentItem) {
                     
           ^
  symbol:   class 
RentItem
  location: class 
InventoryController
src\com\mahal\control
ler\inventory\Invento
ryController.java:188
4: error: cannot 
find symbol
    private void 
deleteRent(Rent 
rent) {
                     
       ^
  symbol:   class 
Rent
  location: class 
InventoryController
src\com\mahal\control
ler\inventory\Invento
ryController.java:190
7: error: cannot 
find symbol
    private void show
EditItemDialog(Invent
oryItem item) {
                     
               ^
  symbol:   class 
InventoryItem
  location: class 
InventoryController
src\com\mahal\control
ler\inventory\Invento
ryController.java:206
6: error: cannot 
find symbol
    private void show
EditDamagedItemDialog
(DamagedItem 
damaged) {
                     
                     
 ^
  symbol:   class 
DamagedItem
  location: class 
InventoryController
src\com\mahal\control
ler\inventory\Invento
ryController.java:220
5: error: cannot 
find symbol
    private void show
EditRentItemDialog(Re
ntItem rentItem) {
                     
                   ^
  symbol:   class 
RentItem
  location: class 
InventoryController
src\com\mahal\control
ler\inventory\Invento
ryController.java:235
0: error: cannot 
find symbol
    private void show
EditRentDialog(Rent 
rent) {
                     
               ^
  symbol:   class 
Rent
  location: class 
InventoryController
src\com\mahal\control
ler\inventory\Invento
ryController.java:48:
 error: cannot find 
symbol
        this.itemDAO 
= new 
InventoryItemDAO();
                     
      ^
  symbol:   class 
InventoryItemDAO
  location: class 
InventoryController
src\com\mahal\control
ler\inventory\Invento
ryController.java:49:
 error: cannot find 
symbol
        
this.damagedDAO = 
new DamagedItemDAO();
                     
         ^
  symbol:   class 
DamagedItemDAO
  location: class 
InventoryController
src\com\mahal\control
ler\inventory\Invento
ryController.java:50:
 error: cannot find 
symbol
        
this.rentItemDAO = 
new RentItemDAO();
                     
          ^
  symbol:   class 
RentItemDAO
  location: class 
InventoryController
src\com\mahal\control
ler\inventory\Invento
ryController.java:51:
 error: cannot find 
symbol
        this.rentDAO 
= new RentDAO();
                     
      ^
  symbol:   class 
RentDAO
  location: class 
InventoryController
src\com\mahal\control
ler\inventory\Invento
ryController.java:55:
 error: package 
com.mahal.util does 
not exist
        com.mahal.uti
l.EventBus.getInstanc
e().subscribe("invent
ory_items",
                     
 ^
src\com\mahal\control
ler\inventory\Invento
ryController.java:57:
 error: package 
com.mahal.util does 
not exist
        com.mahal.uti
l.EventBus.getInstanc
e().subscribe("damage
d_items",
                     
 ^
src\com\mahal\control
ler\inventory\Invento
ryController.java:62:
 error: package 
com.mahal.util does 
not exist
        com.mahal.uti
l.EventBus.getInstanc
e().subscribe("rent_i
tems",
                     
 ^
src\com\mahal\control
ler\inventory\Invento
ryController.java:64:
 error: package 
com.mahal.util does 
not exist
        com.mahal.uti
l.EventBus.getInstanc
e().subscribe("rents"
,
                     
 ^
src\com\mahal\control
ler\inventory\Invento
ryController.java:73:
 error: cannot find 
symbol
        btn.setStyle(
StyleHelper.getPillBu
ttonStyle(active));
                     
^
  symbol:   variable 
StyleHelper
  location: class 
InventoryController
src\com\mahal\control
ler\inventory\Invento
ryController.java:142
: error: cannot find 
symbol
        view.setStyle
(StyleHelper.getCardS
tyle());
                     
 ^
  symbol:   variable 
StyleHelper
  location: class 
InventoryController
src\com\mahal\control
ler\inventory\Invento
ryController.java:145
: error: cannot find 
symbol
        titleLabel.se
tStyle(StyleHelper.ge
tTitleStyle());
                     
       ^
  symbol:   variable 
StyleHelper
  location: class 
InventoryController
src\com\mahal\control
ler\inventory\Invento
ryController.java:150
: error: cannot find 
symbol
        switcher.setS
tyle(StyleHelper.getP
illSwitcherContainerS
tyle());
                     
     ^
  symbol:   variable 
StyleHelper
  location: class 
InventoryController
src\com\mahal\control
ler\inventory\Invento
ryController.java:248
: error: cannot find 
symbol
        Label title 
= FormStyler.createFo
rmLabel("Add Item");
                     
 ^
  symbol:   variable 
FormStyler
  location: class 
InventoryController
src\com\mahal\control
ler\inventory\Invento
ryController.java:249
: error: cannot find 
symbol
        title.setStyl
e("-fx-font-size: 
18px; 
-fx-font-weight: 
bold; -fx-text-fill: 
" + StyleHelper.TEXT_
GRAY_900 + ";");
                     
                     
                     
                     
   ^
  symbol:   variable 
StyleHelper
  location: class 
InventoryController
src\com\mahal\control
ler\inventory\Invento
ryController.java:353
: error: cannot find 
symbol
            
InventoryItem item = 
new InventoryItem();
            ^
  symbol:   class 
InventoryItem
  location: class 
InventoryController
src\com\mahal\control
ler\inventory\Invento
ryController.java:353
: error: cannot find 
symbol
            
InventoryItem item = 
new InventoryItem();
                     
                ^
  symbol:   class 
InventoryItem
  location: class 
InventoryController
src\com\mahal\control
ler\inventory\Invento
ryController.java:425
: error: cannot find 
symbol
                FormS
tyler.createCompactFo
rmField("Item Name 
*", itemNameField),
                ^
  symbol:   variable 
FormStyler
  location: class 
InventoryController
src\com\mahal\control
ler\inventory\Invento
ryController.java:426
: error: cannot find 
symbol
                FormS
tyler.createCompactFo
rmField("SKU / 
Code", skuField),
                ^
  symbol:   variable 
FormStyler
  location: class 
InventoryController
src\com\mahal\control
ler\inventory\Invento
ryController.java:427
: error: cannot find 
symbol
                FormS
tyler.createCompactFo
rmField("Quantity", 
quantityField),
                ^
  symbol:   variable 
FormStyler
  location: class 
InventoryController
src\com\mahal\control
ler\inventory\Invento
ryController.java:428
: error: cannot find 
symbol
                FormS
tyler.createCompactFo
rmField("Location", 
locationField),
                ^
  symbol:   variable 
FormStyler
  location: class 
InventoryController
src\com\mahal\control
ler\inventory\Invento
ryController.java:429
: error: cannot find 
symbol
                FormS
tyler.createCompactFo
rmField("Purchase 
Date", 
purchaseDatePicker),
                ^
  symbol:   variable 
FormStyler
  location: class 
InventoryController
src\com\mahal\control
ler\inventory\Invento
ryController.java:430
: error: cannot find 
symbol
                FormS
tyler.createCompactFo
rmField("Supplier", 
supplierField),
                ^
  symbol:   variable 
FormStyler
  location: class 
InventoryController
src\com\mahal\control
ler\inventory\Invento
ryController.java:431
: error: cannot find 
symbol
                FormS
tyler.createCompactFo
rmField("Value", 
valueField),
                ^
  symbol:   variable 
FormStyler
  location: class 
InventoryController
src\com\mahal\control
ler\inventory\Invento
ryController.java:432
: error: cannot find 
symbol
                FormS
tyler.createCompactFo
rmField("Notes", 
notesField),
                ^
  symbol:   variable 
FormStyler
  location: class 
InventoryController
src\com\mahal\control
ler\inventory\Invento
ryController.java:446
: error: cannot find 
symbol
        TableView<Inv
entoryItem> table = 
new TableView<>();
                  ^
  symbol:   class 
InventoryItem
  location: class 
InventoryController
src\com\mahal\control
ler\inventory\Invento
ryController.java:447
: error: cannot find 
symbol
        TableStyler.a
pplyModernStyling(tab
le);
        ^
  symbol:   variable 
TableStyler
  location: class 
InventoryController
src\com\mahal\control
ler\inventory\Invento
ryController.java:449
: error: cannot find 
symbol
        TableColumn<I
nventoryItem, 
String> nameCol = 
new TableColumn<>("NA
ME");
                    ^
  symbol:   class 
InventoryItem
  location: class 
InventoryController
src\com\mahal\control
ler\inventory\Invento
ryController.java:454
: error: cannot find 
symbol
        TableStyler.s
tyleTableColumn(nameC
ol);
        ^
  symbol:   variable 
TableStyler
  location: class 
InventoryController
src\com\mahal\control
ler\inventory\Invento
ryController.java:456
: error: cannot find 
symbol
        TableColumn<I
nventoryItem, 
String> skuCol = new 
TableColumn<>("SKU");
                    ^
  symbol:   class 
InventoryItem
  location: class 
InventoryController
src\com\mahal\control
ler\inventory\Invento
ryController.java:461
: error: cannot find 
symbol
        TableStyler.s
tyleTableColumn(skuCo
l);
        ^
  symbol:   variable 
TableStyler
  location: class 
InventoryController
src\com\mahal\control
ler\inventory\Invento
ryController.java:463
: error: cannot find 
symbol
        TableColumn<I
nventoryItem, 
String> qtyCol = new 
TableColumn<>("QUANTI
TY");
                    ^
  symbol:   class 
InventoryItem
  location: class 
InventoryController
src\com\mahal\control
ler\inventory\Invento
ryController.java:468
: error: cannot find 
symbol
        TableStyler.s
tyleTableColumn(qtyCo
l);
        ^
  symbol:   variable 
TableStyler
  location: class 
InventoryController
src\com\mahal\control
ler\inventory\Invento
ryController.java:470
: error: cannot find 
symbol
        TableColumn<I
nventoryItem, 
String> locationCol 
= new TableColumn<>("
LOCATION");
                    ^
  symbol:   class 
InventoryItem
  location: class 
InventoryController
src\com\mahal\control
ler\inventory\Invento
ryController.java:475
: error: cannot find 
symbol
        TableStyler.s
tyleTableColumn(locat
ionCol);
        ^
  symbol:   variable 
TableStyler
  location: class 
InventoryController
src\com\mahal\control
ler\inventory\Invento
ryController.java:477
: error: cannot find 
symbol
        TableColumn<I
nventoryItem, 
String> valueCol = 
new TableColumn<>("VA
LUE");
                    ^
  symbol:   class 
InventoryItem
  location: class 
InventoryController
src\com\mahal\control
ler\inventory\Invento
ryController.java:482
: error: cannot find 
symbol
        TableStyler.s
tyleTableColumn(value
Col);
        ^
  symbol:   variable 
TableStyler
  location: class 
InventoryController
src\com\mahal\control
ler\inventory\Invento
ryController.java:484
: error: cannot find 
symbol
        TableColumn<I
nventoryItem, 
String> actionsCol = 
createItemActionsColu
mn(table);
                    ^
  symbol:   class 
InventoryItem
  location: class 
InventoryController
src\com\mahal\control
ler\inventory\Invento
ryController.java:505
: error: cannot find 
symbol
        TableColumn<I
nventoryItem, 
String> actionsCol = 
new TableColumn<>("Ac
tions");
                    ^
  symbol:   class 
InventoryItem
  location: class 
InventoryController
src\com\mahal\control
ler\inventory\Invento
ryController.java:506
: error: cannot find 
symbol
        actionsCol.se
tCellFactory(col -> 
new TableCell<Invento
ryItem, String>() {
                     
                     
             ^
  symbol:   class 
InventoryItem
  location: class 
InventoryController
src\com\mahal\control
ler\inventory\Invento
ryController.java:511
: error: cannot find 
symbol
                editB
tn.setStyle(StyleHelp
er.getEditButtonStyle
());
                     
            ^
  symbol: variable 
StyleHelper
src\com\mahal\control
ler\inventory\Invento
ryController.java:512
: error: cannot find 
symbol
                editB
tn.setOnMouseEntered(
e -> editBtn.setStyle
(StyleHelper.getEditB
uttonHoverStyle()));
                     
                     
                     
 ^
  symbol: variable 
StyleHelper
src\com\mahal\control
ler\inventory\Invento
ryController.java:513
: error: cannot find 
symbol
                editB
tn.setOnMouseExited(e
 -> editBtn.setStyle(
StyleHelper.getEditBu
ttonStyle()));
                     
                     
                     
^
  symbol: variable 
StyleHelper
src\com\mahal\control
ler\inventory\Invento
ryController.java:515
: error: cannot find 
symbol
                delBt
n.setStyle(StyleHelpe
r.getDangerButtonStyl
e());
                     
           ^
  symbol: variable 
StyleHelper
src\com\mahal\control
ler\inventory\Invento
ryController.java:516
: error: cannot find 
symbol
                delBt
n.setOnMouseEntered(e
 -> delBtn.setStyle(S
tyleHelper.getDangerB
uttonHoverStyle()));
                     
                     
                    ^
  symbol: variable 
StyleHelper
src\com\mahal\control
ler\inventory\Invento
ryController.java:517
: error: cannot find 
symbol
                delBt
n.setOnMouseExited(e 
-> delBtn.setStyle(St
yleHelper.getDangerBu
ttonStyle()));
                     
                     
                   ^
  symbol: variable 
StyleHelper
src\com\mahal\control
ler\inventory\Invento
ryController.java:520
: error: cannot find 
symbol
                    
InventoryItem item = 
getTableView().getIte
ms().get(getIndex());
                    ^
  symbol: class 
InventoryItem
src\com\mahal\control
ler\inventory\Invento
ryController.java:525
: error: cannot find 
symbol
                    
InventoryItem item = 
getTableView().getIte
ms().get(getIndex());
                    ^
  symbol: class 
InventoryItem
src\com\mahal\control
ler\inventory\Invento
ryController.java:543
: error: cannot find 
symbol
        TableStyler.s
tyleTableColumn(actio
nsCol);
        ^
  symbol:   variable 
TableStyler
  location: class 
InventoryController
src\com\mahal\control
ler\inventory\Invento
ryController.java:574
: error: cannot find 
symbol
        Label title 
= FormStyler.createFo
rmLabel("Mark 
Damaged Item");
                     
 ^
  symbol:   variable 
FormStyler
  location: class 
InventoryController
src\com\mahal\control
ler\inventory\Invento
ryController.java:575
: error: cannot find 
symbol
        title.setStyl
e("-fx-font-size: 
18px; 
-fx-font-weight: 
bold; -fx-text-fill: 
" + StyleHelper.TEXT_
GRAY_900 + ";");
                     
                     
                     
                     
   ^
  symbol:   variable 
StyleHelper
  location: class 
InventoryController
src\com\mahal\control
ler\inventory\Invento
ryController.java:584
: error: cannot find 
symbol
        ComboBox<Inve
ntoryItem> itemCombo 
= new ComboBox<>();
                 ^
  symbol:   class 
InventoryItem
  location: class 
InventoryController
src\com\mahal\control
ler\inventory\Invento
ryController.java:591
: error: cannot find 
symbol
        itemCombo.set
CellFactory(listView 
-> new ListCell<Inven
toryItem>() {
                     
                     
                ^
  symbol:   class 
InventoryItem
  location: class 
InventoryController
src\com\mahal\control
ler\inventory\Invento
ryController.java:593
: error: cannot find 
symbol
            
protected void update
Item(InventoryItem 
item, boolean empty) 
{
                     
                 ^
  symbol: class 
InventoryItem
src\com\mahal\control
ler\inventory\Invento
ryController.java:603
: error: cannot find 
symbol
        itemCombo.set
ButtonCell(new ListCe
ll<InventoryItem>() {
                     
                     
   ^
  symbol:   class 
InventoryItem
  location: class 
InventoryController
src\com\mahal\control
ler\inventory\Invento
ryController.java:605
: error: cannot find 
symbol
            
protected void update
Item(InventoryItem 
item, boolean empty) 
{
                     
                 ^
  symbol: class 
InventoryItem
src\com\mahal\control
ler\inventory\Invento
ryController.java:674
: error: cannot find 
symbol
            
DamagedItem damaged 
= new DamagedItem();
            ^
  symbol:   class 
DamagedItem
  location: class 
InventoryController
src\com\mahal\control
ler\inventory\Invento
ryController.java:674
: error: cannot find 
symbol
            
DamagedItem damaged 
= new DamagedItem();
                     
                 ^
  symbol:   class 
DamagedItem
  location: class 
InventoryController
src\com\mahal\control
ler\inventory\Invento
ryController.java:726
: error: cannot find 
symbol
                FormS
tyler.createCompactFo
rmField("Inventory 
Item *", itemCombo),
                ^
  symbol:   variable 
FormStyler
  location: class 
InventoryController
Note: src\com\mahal\c
ontroller\inventory\I
nventoryController.ja
va uses unchecked or 
unsafe operations.
Note: Recompile with 
-Xlint:unchecked for 
details.
100 errors
only showing the 
first 100 errors, of 
255 total; use 
-Xmaxerrs if you 
would like to see 
more
