javac : src\com\mahal
\controller\inventory
\InventoryController.
java:387: error: 
cannot find symbol
At line:1 char:1
+ javac -d bin -cp 
"lib/*;src" src/com/m
ahal/controller/inven
tory/Inven ...
+ ~~~~~~~~~~~~~~~~~~~
~~~~~~~~~~~~~~~~~~~~~
~~~~~~~~~~~~~~~~~~~~~
~~~~~~~~
    + CategoryInfo   
           : NotSpe  
  cified: (src\com   
 \mahal\c...not f    
ind symbol:Strin    
g) [], RemoteExc    
eption
    + FullyQualified 
   ErrorId : Native  
  CommandError
 
                if (d
amaged.getItemName() 
!= null && damaged.ge
tItemName().toLowerCa
se().contains(lowerCa
seFilter))
                     
      ^
  symbol:   method 
getItemName()
  location: variable 
damaged of type 
DamagedItem
src\com\mahal\control
ler\inventory\Invento
ryController.java:387
: error: cannot find 
symbol
                if (d
amaged.getItemName() 
!= null && damaged.ge
tItemName().toLowerCa
se().contains(lowerCa
seFilter))
                     
                     
                  ^
  symbol:   method 
getItemName()
  location: variable 
damaged of type 
DamagedItem
src\com\mahal\control
ler\inventory\Invento
ryController.java:409
: error: cannot find 
symbol
        nameCol.setCe
llValueFactory(cell 
-> new SimpleStringPr
operty(cell.getValue(
).getItemName()));
                     
                     
                     
                     
^
  symbol:   method 
getItemName()
  location: class 
DamagedItem
Note: Some input 
files use or 
override a 
deprecated API.
Note: Recompile with 
-Xlint:deprecation 
for details.
Note: src\com\mahal\c
ontroller\inventory\I
nventoryController.ja
va uses unchecked or 
unsafe operations.
Note: Recompile with 
-Xlint:unchecked for 
details.
3 errors
