[INFO] Scanning for projects...
[INFO] 
[INFO] ----------------------< com.mahal:mahal-backend >-----------------------
[INFO] Building mahal-backend 1.0.0
[INFO]   from pom.xml
[INFO] --------------------------------[ jar ]---------------------------------
[INFO] 
[INFO] --- clean:3.3.2:clean (default-clean) @ mahal-backend ---
[INFO] Deleting C:\Users\revathy\Desktop\MAHALAPP_LATEST\JavaGUI\JavaApp\backend\target
[INFO] 
[INFO] --- resources:3.3.1:resources (default-resources) @ mahal-backend ---
[INFO] Copying 1 resource from src\main\resources to target\classes
[INFO] Copying 2 resources from src\main\resources to target\classes
[INFO] 
[INFO] --- compiler:3.11.0:compile (default-compile) @ mahal-backend ---
[INFO] Changes detected - recompiling the module! :source
[INFO] Compiling 25 source files with javac [debug release 17] to target\classes
[INFO] 
[INFO] --- resources:3.3.1:testResources (default-testResources) @ mahal-backend ---
[INFO] skip non existing resourceDirectory C:\Users\revathy\Desktop\MAHALAPP_LATEST\JavaGUI\JavaApp\backend\src\test\resources
[INFO] 
[INFO] --- compiler:3.11.0:testCompile (default-testCompile) @ mahal-backend ---
[INFO] No sources to compile
[INFO] 
[INFO] --- surefire:3.1.2:test (default-test) @ mahal-backend ---
[INFO] Tests are skipped.
[INFO] 
[INFO] --- jar:3.3.0:jar (default-jar) @ mahal-backend ---
[INFO] Building jar: C:\Users\revathy\Desktop\MAHALAPP_LATEST\JavaGUI\JavaApp\backend\target\mahal-backend-1.0.0.jar
[INFO] 
[INFO] --- spring-boot:3.2.0:repackage (repackage) @ mahal-backend ---
[INFO] Replacing main artifact C:\Users\revathy\Desktop\MAHALAPP_LATEST\JavaGUI\JavaApp\backend\target\mahal-backend-1.0.0.jar with repackaged archive, adding nested dependencies in BOOT-INF/.
[INFO] The original artifact has been renamed to C:\Users\revathy\Desktop\MAHALAPP_LATEST\JavaGUI\JavaApp\backend\target\mahal-backend-1.0.0.jar.original
[INFO] ------------------------------------------------------------------------
[INFO] BUILD SUCCESS
[INFO] ------------------------------------------------------------------------
[INFO] Total time:  9.176 s
[INFO] Finished at: 2026-01-03T14:53:26+05:30
[INFO] ------------------------------------------------------------------------
